 
                                                                                
 
Example from page 278-279 of Woolson and Clarke                                1
                                                     15:34 Friday, July 14, 2006

The FREQ Procedure

                                    Cumulative    Cumulative
patient    Frequency     Percent     Frequency      Percent
------------------------------------------------------------
      1           4        3.70             4         3.70  
      2           4        3.70             8         7.41  
      3           4        3.70            12        11.11  
      4           4        3.70            16        14.81  
      5           4        3.70            20        18.52  
      6           4        3.70            24        22.22  
      7           4        3.70            28        25.93  
      8           4        3.70            32        29.63  
      9           4        3.70            36        33.33  
     10           4        3.70            40        37.04  
     11           4        3.70            44        40.74  
     12           4        3.70            48        44.44  
     13           4        3.70            52        48.15  
     14           4        3.70            56        51.85  
     15           4        3.70            60        55.56  
     16           4        3.70            64        59.26  
     17           4        3.70            68        62.96  
     18           4        3.70            72        66.67  
     19           4        3.70            76        70.37  
     20           4        3.70            80        74.07  
     21           4        3.70            84        77.78  
     22           4        3.70            88        81.48  
     23           4        3.70            92        85.19  
     24           4        3.70            96        88.89  
     25           4        3.70           100        92.59  
     26           4        3.70           104        96.30  
     27           4        3.70           108       100.00  


                                     Cumulative    Cumulative
category    Frequency     Percent     Frequency      Percent
-------------------------------------------------------------
mild              35       32.41            35        32.41  
mod               34       31.48            69        63.89  
sev               39       36.11           108       100.00  


 
                                                                                
 
Example from page 278-279 of Woolson and Clarke                                2
                                                     15:34 Friday, July 14, 2006

The FREQ Procedure

Table of patient by category

patient     category

Frequency|mild    |mod     |sev     |  Total
---------+--------+--------+--------+
       1 |      1 |      3 |      0 |      4
---------+--------+--------+--------+
       2 |      4 |      0 |      0 |      4
---------+--------+--------+--------+
       3 |      1 |      0 |      3 |      4
---------+--------+--------+--------+
       4 |      0 |      3 |      1 |      4
---------+--------+--------+--------+
       5 |      0 |      0 |      4 |      4
---------+--------+--------+--------+
       6 |      0 |      2 |      2 |      4
---------+--------+--------+--------+
       7 |      2 |      0 |      2 |      4
---------+--------+--------+--------+
       8 |      3 |      0 |      1 |      4
---------+--------+--------+--------+
       9 |      3 |      1 |      0 |      4
---------+--------+--------+--------+
      10 |      0 |      1 |      3 |      4
---------+--------+--------+--------+
      11 |      1 |      0 |      3 |      4
---------+--------+--------+--------+
      12 |      4 |      0 |      0 |      4
---------+--------+--------+--------+
      13 |      0 |      1 |      3 |      4
---------+--------+--------+--------+
      14 |      0 |      4 |      0 |      4
---------+--------+--------+--------+
Total          35       34       39      108
(Continued)
 
                                                                                
 
Example from page 278-279 of Woolson and Clarke                                3
                                                     15:34 Friday, July 14, 2006

The FREQ Procedure

Table of patient by category

patient     category

Frequency|mild    |mod     |sev     |  Total
---------+--------+--------+--------+
      15 |      3 |      0 |      1 |      4
---------+--------+--------+--------+
      16 |      1 |      1 |      2 |      4
---------+--------+--------+--------+
      17 |      0 |      1 |      3 |      4
---------+--------+--------+--------+
      18 |      1 |      3 |      0 |      4
---------+--------+--------+--------+
      19 |      0 |      0 |      4 |      4
---------+--------+--------+--------+
      20 |      1 |      2 |      1 |      4
---------+--------+--------+--------+
      21 |      4 |      0 |      0 |      4
---------+--------+--------+--------+
      22 |      1 |      3 |      0 |      4
---------+--------+--------+--------+
      23 |      0 |      3 |      1 |      4
---------+--------+--------+--------+
      24 |      0 |      0 |      4 |      4
---------+--------+--------+--------+
      25 |      2 |      2 |      0 |      4
---------+--------+--------+--------+
      26 |      0 |      4 |      0 |      4
---------+--------+--------+--------+
      27 |      3 |      0 |      1 |      4
---------+--------+--------+--------+
Total          35       34       39      108


 
                                                                                
 
Example from page 278-279 of Woolson and Clarke                                4
                                                     15:34 Friday, July 14, 2006

The FREQ Procedure

Table of patient by category

patient     category

Frequency|
Percent  |
Row Pct  |
Col Pct  |mild    |mod     |sev     |  Total
---------+--------+--------+--------+
       1 |      1 |      3 |      0 |      4
         |   0.93 |   2.78 |   0.00 |   3.70
         |  25.00 |  75.00 |   0.00 |
         |   2.86 |   8.82 |   0.00 |
---------+--------+--------+--------+
       2 |      4 |      0 |      0 |      4
         |   3.70 |   0.00 |   0.00 |   3.70
         | 100.00 |   0.00 |   0.00 |
         |  11.43 |   0.00 |   0.00 |
---------+--------+--------+--------+
       3 |      1 |      0 |      3 |      4
         |   0.93 |   0.00 |   2.78 |   3.70
         |  25.00 |   0.00 |  75.00 |
         |   2.86 |   0.00 |   7.69 |
---------+--------+--------+--------+
       4 |      0 |      3 |      1 |      4
         |   0.00 |   2.78 |   0.93 |   3.70
         |   0.00 |  75.00 |  25.00 |
         |   0.00 |   8.82 |   2.56 |
---------+--------+--------+--------+
       5 |      0 |      0 |      4 |      4
         |   0.00 |   0.00 |   3.70 |   3.70
         |   0.00 |   0.00 | 100.00 |
         |   0.00 |   0.00 |  10.26 |
---------+--------+--------+--------+
       6 |      0 |      2 |      2 |      4
         |   0.00 |   1.85 |   1.85 |   3.70
         |   0.00 |  50.00 |  50.00 |
         |   0.00 |   5.88 |   5.13 |
---------+--------+--------+--------+
       7 |      2 |      0 |      2 |      4
         |   1.85 |   0.00 |   1.85 |   3.70
         |  50.00 |   0.00 |  50.00 |
         |   5.71 |   0.00 |   5.13 |
---------+--------+--------+--------+
Total          35       34       39      108
            32.41    31.48    36.11   100.00
(Continued)
 
                                                                                
 
Example from page 278-279 of Woolson and Clarke                                5
                                                     15:34 Friday, July 14, 2006

The FREQ Procedure

Table of patient by category

patient     category

Frequency|
Percent  |
Row Pct  |
Col Pct  |mild    |mod     |sev     |  Total
---------+--------+--------+--------+
       8 |      3 |      0 |      1 |      4
         |   2.78 |   0.00 |   0.93 |   3.70
         |  75.00 |   0.00 |  25.00 |
         |   8.57 |   0.00 |   2.56 |
---------+--------+--------+--------+
       9 |      3 |      1 |      0 |      4
         |   2.78 |   0.93 |   0.00 |   3.70
         |  75.00 |  25.00 |   0.00 |
         |   8.57 |   2.94 |   0.00 |
---------+--------+--------+--------+
      10 |      0 |      1 |      3 |      4
         |   0.00 |   0.93 |   2.78 |   3.70
         |   0.00 |  25.00 |  75.00 |
         |   0.00 |   2.94 |   7.69 |
---------+--------+--------+--------+
      11 |      1 |      0 |      3 |      4
         |   0.93 |   0.00 |   2.78 |   3.70
         |  25.00 |   0.00 |  75.00 |
         |   2.86 |   0.00 |   7.69 |
---------+--------+--------+--------+
      12 |      4 |      0 |      0 |      4
         |   3.70 |   0.00 |   0.00 |   3.70
         | 100.00 |   0.00 |   0.00 |
         |  11.43 |   0.00 |   0.00 |
---------+--------+--------+--------+
      13 |      0 |      1 |      3 |      4
         |   0.00 |   0.93 |   2.78 |   3.70
         |   0.00 |  25.00 |  75.00 |
         |   0.00 |   2.94 |   7.69 |
---------+--------+--------+--------+
      14 |      0 |      4 |      0 |      4
         |   0.00 |   3.70 |   0.00 |   3.70
         |   0.00 | 100.00 |   0.00 |
         |   0.00 |  11.76 |   0.00 |
---------+--------+--------+--------+
Total          35       34       39      108
            32.41    31.48    36.11   100.00
(Continued)
 
                                                                                
 
Example from page 278-279 of Woolson and Clarke                                6
                                                     15:34 Friday, July 14, 2006

The FREQ Procedure

Table of patient by category

patient     category

Frequency|
Percent  |
Row Pct  |
Col Pct  |mild    |mod     |sev     |  Total
---------+--------+--------+--------+
      15 |      3 |      0 |      1 |      4
         |   2.78 |   0.00 |   0.93 |   3.70
         |  75.00 |   0.00 |  25.00 |
         |   8.57 |   0.00 |   2.56 |
---------+--------+--------+--------+
      16 |      1 |      1 |      2 |      4
         |   0.93 |   0.93 |   1.85 |   3.70
         |  25.00 |  25.00 |  50.00 |
         |   2.86 |   2.94 |   5.13 |
---------+--------+--------+--------+
      17 |      0 |      1 |      3 |      4
         |   0.00 |   0.93 |   2.78 |   3.70
         |   0.00 |  25.00 |  75.00 |
         |   0.00 |   2.94 |   7.69 |
---------+--------+--------+--------+
      18 |      1 |      3 |      0 |      4
         |   0.93 |   2.78 |   0.00 |   3.70
         |  25.00 |  75.00 |   0.00 |
         |   2.86 |   8.82 |   0.00 |
---------+--------+--------+--------+
      19 |      0 |      0 |      4 |      4
         |   0.00 |   0.00 |   3.70 |   3.70
         |   0.00 |   0.00 | 100.00 |
         |   0.00 |   0.00 |  10.26 |
---------+--------+--------+--------+
      20 |      1 |      2 |      1 |      4
         |   0.93 |   1.85 |   0.93 |   3.70
         |  25.00 |  50.00 |  25.00 |
         |   2.86 |   5.88 |   2.56 |
---------+--------+--------+--------+
      21 |      4 |      0 |      0 |      4
         |   3.70 |   0.00 |   0.00 |   3.70
         | 100.00 |   0.00 |   0.00 |
         |  11.43 |   0.00 |   0.00 |
---------+--------+--------+--------+
Total          35       34       39      108
            32.41    31.48    36.11   100.00
(Continued)
 
                                                                                
 
Example from page 278-279 of Woolson and Clarke                                7
                                                     15:34 Friday, July 14, 2006

The FREQ Procedure

Table of patient by category

patient     category

Frequency|
Percent  |
Row Pct  |
Col Pct  |mild    |mod     |sev     |  Total
---------+--------+--------+--------+
      22 |      1 |      3 |      0 |      4
         |   0.93 |   2.78 |   0.00 |   3.70
         |  25.00 |  75.00 |   0.00 |
         |   2.86 |   8.82 |   0.00 |
---------+--------+--------+--------+
      23 |      0 |      3 |      1 |      4
         |   0.00 |   2.78 |   0.93 |   3.70
         |   0.00 |  75.00 |  25.00 |
         |   0.00 |   8.82 |   2.56 |
---------+--------+--------+--------+
      24 |      0 |      0 |      4 |      4
         |   0.00 |   0.00 |   3.70 |   3.70
         |   0.00 |   0.00 | 100.00 |
         |   0.00 |   0.00 |  10.26 |
---------+--------+--------+--------+
      25 |      2 |      2 |      0 |      4
         |   1.85 |   1.85 |   0.00 |   3.70
         |  50.00 |  50.00 |   0.00 |
         |   5.71 |   5.88 |   0.00 |
---------+--------+--------+--------+
      26 |      0 |      4 |      0 |      4
         |   0.00 |   3.70 |   0.00 |   3.70
         |   0.00 | 100.00 |   0.00 |
         |   0.00 |  11.76 |   0.00 |
---------+--------+--------+--------+
      27 |      3 |      0 |      1 |      4
         |   2.78 |   0.00 |   0.93 |   3.70
         |  75.00 |   0.00 |  25.00 |
         |   8.57 |   0.00 |   2.56 |
---------+--------+--------+--------+
Total          35       34       39      108
            32.41    31.48    36.11   100.00
 
                                                                                
 
Example from page 278-279 of Woolson and Clarke                                8
                                                     15:34 Friday, July 14, 2006

Obs    category    COUNT    PERCENT

 1       mild        35     32.4074
 2       mod         34     31.4815
 3       sev         39     36.1111
 
                                                                                
 
Example from page 278-279 of Woolson and Clarke                                9
                                                     15:34 Friday, July 14, 2006

Obs    patient    COUNT    PERCENT

  1        1        4      3.70370
  2        2        4      3.70370
  3        3        4      3.70370
  4        4        4      3.70370
  5        5        4      3.70370
  6        6        4      3.70370
  7        7        4      3.70370
  8        8        4      3.70370
  9        9        4      3.70370
 10       10        4      3.70370
 11       11        4      3.70370
 12       12        4      3.70370
 13       13        4      3.70370
 14       14        4      3.70370
 15       15        4      3.70370
 16       16        4      3.70370
 17       17        4      3.70370
 18       18        4      3.70370
 19       19        4      3.70370
 20       20        4      3.70370
 21       21        4      3.70370
 22       22        4      3.70370
 23       23        4      3.70370
 24       24        4      3.70370
 25       25        4      3.70370
 26       26        4      3.70370
 27       27        4      3.70370
 
                                                                                
 
Example from page 278-279 of Woolson and Clarke                               10
                                                     15:34 Friday, July 14, 2006

Obs    patient    category    njk    njk2

  1        1        mild       1       1 
  2        1        mod        3       9 
  3        2        mild       4      16 
  4        3        mild       1       1 
  5        3        sev        3       9 
  6        4        mod        3       9 
  7        4        sev        1       1 
  8        5        sev        4      16 
  9        6        mod        2       4 
 10        6        sev        2       4 
 11        7        mild       2       4 
 12        7        sev        2       4 
 13        8        mild       3       9 
 14        8        sev        1       1 
 15        9        mild       3       9 
 16        9        mod        1       1 
 17       10        mod        1       1 
 18       10        sev        3       9 
 19       11        mild       1       1 
 20       11        sev        3       9 
 21       12        mild       4      16 
 22       13        mod        1       1 
 23       13        sev        3       9 
 24       14        mod        4      16 
 25       15        mild       3       9 
 26       15        sev        1       1 
 27       16        mild       1       1 
 28       16        mod        1       1 
 29       16        sev        2       4 
 30       17        mod        1       1 
 31       17        sev        3       9 
 32       18        mild       1       1 
 33       18        mod        3       9 
 34       19        sev        4      16 
 35       20        mild       1       1 
 36       20        mod        2       4 
 37       20        sev        1       1 
 38       21        mild       4      16 
 39       22        mild       1       1 
 40       22        mod        3       9 
 41       23        mod        3       9 
 42       23        sev        1       1 
 43       24        sev        4      16 
 44       25        mild       2       4 
 45       25        mod        2       4 
 46       26        mod        4      16 
 47       27        mild       3       9 
 48       27        sev        1       1 
 
                                                                                
 
Example from page 278-279 of Woolson and Clarke                               11
                                                     15:34 Friday, July 14, 2006

Obs    patient    category    njk    njk2    nk    tempnk

  1        1        mild       1       1      4       3  
  2        1        mod        3       9      4       9  
  3        2        mild       4      16      4      12  
  4        3        mild       1       1      4       3  
  5        3        sev        3       9      4       9  
  6        4        mod        3       9      4       9  
  7        4        sev        1       1      4       3  
  8        5        sev        4      16      4      12  
  9        6        mod        2       4      4       6  
 10        6        sev        2       4      4       6  
 11        7        mild       2       4      4       6  
 12        7        sev        2       4      4       6  
 13        8        mild       3       9      4       9  
 14        8        sev        1       1      4       3  
 15        9        mild       3       9      4       9  
 16        9        mod        1       1      4       3  
 17       10        mod        1       1      4       3  
 18       10        sev        3       9      4       9  
 19       11        mild       1       1      4       3  
 20       11        sev        3       9      4       9  
 21       12        mild       4      16      4      12  
 22       13        mod        1       1      4       3  
 23       13        sev        3       9      4       9  
 24       14        mod        4      16      4      12  
 25       15        mild       3       9      4       9  
 26       15        sev        1       1      4       3  
 27       16        mild       1       1      4       3  
 28       16        mod        1       1      4       3  
 29       16        sev        2       4      4       6  
 30       17        mod        1       1      4       3  
 31       17        sev        3       9      4       9  
 32       18        mild       1       1      4       3  
 33       18        mod        3       9      4       9  
 34       19        sev        4      16      4      12  
 35       20        mild       1       1      4       3  
 36       20        mod        2       4      4       6  
 37       20        sev        1       1      4       3  
 38       21        mild       4      16      4      12  
 39       22        mild       1       1      4       3  
 40       22        mod        3       9      4       9  
 41       23        mod        3       9      4       9  
 42       23        sev        1       1      4       3  
 43       24        sev        4      16      4      12  
 44       25        mild       2       4      4       6  
 45       25        mod        2       4      4       6  
 46       26        mod        4      16      4      12  
 47       27        mild       3       9      4       9  
 48       27        sev        1       1      4       3  
 
                                                                                
 
Example from page 278-279 of Woolson and Clarke                               12
                                                     15:34 Friday, July 14, 2006

Obs    category    sumnjk    sumnjk2    poss

 1       mild        35         99       105
 2       mod         34         94       102
 3       sev         39        111       117
 
                                                                                
 
Example from page 278-279 of Woolson and Clarke                               13
                                                     15:34 Friday, July 14, 2006

Obs    category    COUNT    PERCENT       pj        pj2         pj3

 1       mild        35     32.4074    0.32407    0.10502    0.034036
 2       mod         34     31.4815    0.31481    0.09911    0.031201
 3       sev         39     36.1111    0.36111    0.13040    0.047089
 
                                                                                
 
Example from page 278-279 of Woolson and Clarke                               14
                                                     15:34 Friday, July 14, 2006

Obs category sumnjk sumnjk2    pj     pj2   poss actualj  agreej  kappaj

 1    mild     35      99   0.32407 0.10502  105    64   0.60952 0.42231
 2    mod      34      94   0.31481 0.09911  102    60   0.58824 0.39905
 3    sev      39     111   0.36111 0.13040  117    72   0.61538 0.39799
 
                                                                                
 
Agreement                                        15:34 Friday, July 14, 2006  15

Obs  actual  poss   agree      pe     kappa   c1  c2          vk     se

 1     196    324  0.60494  0.33453  0.40634   5   4  .003126144  0.055912
 
                                                                                
 
Agreement                                        15:34 Friday, July 14, 2006  16
MAGREE macro
Kappa statistics for nominal response

                       Standard
category     Kappa       Error        z       Prob>Z

  mild      0.42231    0.078567    5.37512    <.0001
  mod       0.39905    0.078567    5.07903    <.0001
  sev       0.39799    0.078567    5.06563    <.0001
            0.40634    0.055602    7.30795    <.0001
